07-30 14:14:48 com_github_MitjaNemec_PlaceFootprints.action_place_footprints 674:Plugin executed on: 'win32'
07-30 14:14:48 com_github_MitjaNemec_PlaceFootprints.action_place_footprints 675:Plugin executed with python version: '3.11.5 (main, Jan 27 2025, 07:08:36) [MSC v.1942 64 bit (AMD64)]'
07-30 14:14:48 com_github_MitjaNemec_PlaceFootprints.action_place_footprints 676:KiCad build version: 9.0.2
07-30 14:14:48 com_github_MitjaNemec_PlaceFootprints.action_place_footprints 677:Plugin version: 4.0.1
07-30 14:14:48 com_github_MitjaNemec_PlaceFootprints.action_place_footprints 678:Frame repr: <wx._core.Frame object at 0x000002633CDABC70>
07-30 14:14:48 com_github_MitjaNemec_PlaceFootprints.place_footprints 121:getting a list of all footprints on board
07-30 14:14:48 com_github_MitjaNemec_PlaceFootprints.place_footprints 156:Footprint D3 on root level
07-30 14:14:48 com_github_MitjaNemec_PlaceFootprints.place_footprints 156:Footprint D1 on root level
07-30 14:14:48 com_github_MitjaNemec_PlaceFootprints.place_footprints 156:Footprint D7 on root level
07-30 14:14:48 com_github_MitjaNemec_PlaceFootprints.place_footprints 156:Footprint D2 on root level
07-30 14:14:48 com_github_MitjaNemec_PlaceFootprints.place_footprints 156:Footprint D11 on root level
07-30 14:14:48 com_github_MitjaNemec_PlaceFootprints.place_footprints 156:Footprint D4 on root level
07-30 14:14:48 com_github_MitjaNemec_PlaceFootprints.place_footprints 156:Footprint D8 on root level
07-30 14:14:48 com_github_MitjaNemec_PlaceFootprints.place_footprints 156:Footprint D10 on root level
07-30 14:14:48 com_github_MitjaNemec_PlaceFootprints.place_footprints 156:Footprint D5 on root level
07-30 14:14:48 com_github_MitjaNemec_PlaceFootprints.place_footprints 156:Footprint D9 on root level
07-30 14:14:48 com_github_MitjaNemec_PlaceFootprints.place_footprints 156:Footprint D6 on root level
07-30 14:14:48 com_github_MitjaNemec_PlaceFootprints.place_footprints 156:Footprint C3 on root level
07-30 14:14:48 com_github_MitjaNemec_PlaceFootprints.place_footprints 156:Footprint R1 on root level
07-30 14:14:48 com_github_MitjaNemec_PlaceFootprints.place_footprints 156:Footprint R4 on root level
07-30 14:14:48 com_github_MitjaNemec_PlaceFootprints.place_footprints 156:Footprint RV1 on root level
07-30 14:14:48 com_github_MitjaNemec_PlaceFootprints.place_footprints 156:Footprint U3 on root level
07-30 14:14:48 com_github_MitjaNemec_PlaceFootprints.place_footprints 156:Footprint C1 on root level
07-30 14:14:48 com_github_MitjaNemec_PlaceFootprints.place_footprints 156:Footprint R3 on root level
07-30 14:14:48 com_github_MitjaNemec_PlaceFootprints.place_footprints 156:Footprint U6 on root level
07-30 14:14:48 com_github_MitjaNemec_PlaceFootprints.place_footprints 156:Footprint R5 on root level
07-30 14:14:48 com_github_MitjaNemec_PlaceFootprints.place_footprints 156:Footprint C2 on root level
07-30 14:14:48 com_github_MitjaNemec_PlaceFootprints.place_footprints 156:Footprint C6 on root level
07-30 14:14:48 com_github_MitjaNemec_PlaceFootprints.place_footprints 156:Footprint R8 on root level
07-30 14:14:48 com_github_MitjaNemec_PlaceFootprints.place_footprints 156:Footprint C4 on root level
07-30 14:14:48 com_github_MitjaNemec_PlaceFootprints.place_footprints 156:Footprint U5 on root level
07-30 14:14:48 com_github_MitjaNemec_PlaceFootprints.place_footprints 156:Footprint R6 on root level
07-30 14:14:48 com_github_MitjaNemec_PlaceFootprints.place_footprints 156:Footprint RoundDispTFT1 on root level
07-30 14:14:48 com_github_MitjaNemec_PlaceFootprints.place_footprints 156:Footprint Q1 on root level
07-30 14:14:48 com_github_MitjaNemec_PlaceFootprints.place_footprints 156:Footprint LS1 on root level
07-30 14:14:48 com_github_MitjaNemec_PlaceFootprints.place_footprints 156:Footprint U7 on root level
07-30 14:14:48 com_github_MitjaNemec_PlaceFootprints.place_footprints 156:Footprint R2 on root level
07-30 14:14:48 com_github_MitjaNemec_PlaceFootprints.place_footprints 156:Footprint C7 on root level
07-30 14:14:48 com_github_MitjaNemec_PlaceFootprints.place_footprints 156:Footprint RV2 on root level
07-30 14:14:48 com_github_MitjaNemec_PlaceFootprints.place_footprints 156:Footprint R7 on root level
07-30 14:14:48 com_github_MitjaNemec_PlaceFootprints.place_footprints 156:Footprint U2 on root level
07-30 14:14:48 com_github_MitjaNemec_PlaceFootprints.place_footprints 156:Footprint C5 on root level
07-30 14:14:48 com_github_MitjaNemec_PlaceFootprints.place_footprints 156:Footprint BATT1 on root level
07-30 14:14:48 com_github_MitjaNemec_PlaceFootprints.place_footprints 156:Footprint U1 on root level
07-30 14:14:48 com_github_MitjaNemec_PlaceFootprints.action_place_footprints 717:Reference footprint='D11'
07-30 14:14:49 com_github_MitjaNemec_PlaceFootprints.action_place_footprints 858:Reference designator is: D
07-30 14:14:49 com_github_MitjaNemec_PlaceFootprints.action_place_footprints 859:Reference number is: 11
07-30 14:14:49 com_github_MitjaNemec_PlaceFootprints.action_place_footprints 891:Sorted and filtered list:
['D1', 'D2', 'D3', 'D4', 'D5', 'D6', 'D7', 'D8', 'D9', 'D10', 'D11']
07-30 14:14:50 com_github_MitjaNemec_PlaceFootprints.action_place_footprints 376:wx.Colour(240, 240, 240, 255)
07-30 14:15:06 com_github_MitjaNemec_PlaceFootprints.action_place_footprints 507:'96.6'
07-30 14:15:06 com_github_MitjaNemec_PlaceFootprints.action_place_footprints 559:Preparing config for reference circular
07-30 14:15:06 com_github_MitjaNemec_PlaceFootprints.action_place_footprints 573:Saving config file
07-30 14:15:06 com_github_MitjaNemec_PlaceFootprints.action_place_footprints 575:Saved the config file
07-30 14:15:06 com_github_MitjaNemec_PlaceFootprints.action_place_footprints 929:Footprints to place:
['D2', 'D3', 'D4', 'D5', 'D6', 'D7', 'D8', 'D9', 'D10', 'D11']
07-30 14:15:06 com_github_MitjaNemec_PlaceFootprints.place_footprints 359:Starting placing with circular layout
07-30 14:15:06 com_github_MitjaNemec_PlaceFootprints.place_footprints 369:reference footprint position at: VECTOR2I(27943087, 91951713)
07-30 14:15:06 com_github_MitjaNemec_PlaceFootprints.place_footprints 374:rotation center at: (27943087, 188551713.0)
07-30 14:15:06 com_github_MitjaNemec_PlaceFootprints.place_footprints 506:Text of: D11 has property "Keep upright" rotation might not look as intended
07-30 14:15:06 com_github_MitjaNemec_PlaceFootprints.place_footprints 506:Text of: D11 has property "Keep upright" rotation might not look as intended
07-30 14:15:06 com_github_MitjaNemec_PlaceFootprints.place_footprints 506:Text of: D11 has property "Keep upright" rotation might not look as intended
07-30 14:15:06 com_github_MitjaNemec_PlaceFootprints.place_footprints 506:Text of: D11 has property "Keep upright" rotation might not look as intended
07-30 14:15:06 com_github_MitjaNemec_PlaceFootprints.place_footprints 506:Text of: D11 has property "Keep upright" rotation might not look as intended
07-30 14:15:06 com_github_MitjaNemec_PlaceFootprints.place_footprints 506:Text of: D11 has property "Keep upright" rotation might not look as intended
07-30 14:15:06 com_github_MitjaNemec_PlaceFootprints.place_footprints 506:Text of: D11 has property "Keep upright" rotation might not look as intended
07-30 14:15:06 com_github_MitjaNemec_PlaceFootprints.place_footprints 506:Text of: D11 has property "Keep upright" rotation might not look as intended
07-30 14:15:06 com_github_MitjaNemec_PlaceFootprints.place_footprints 506:Text of: D11 has property "Keep upright" rotation might not look as intended
07-30 14:15:06 com_github_MitjaNemec_PlaceFootprints.place_footprints 506:Text of: D11 has property "Keep upright" rotation might not look as intended
07-30 14:15:06 com_github_MitjaNemec_PlaceFootprints.place_footprints 506:Text of: D11 has property "Keep upright" rotation might not look as intended
07-30 14:15:06 com_github_MitjaNemec_PlaceFootprints.place_footprints 506:Text of: D11 has property "Keep upright" rotation might not look as intended
07-30 14:15:06 com_github_MitjaNemec_PlaceFootprints.place_footprints 506:Text of: D11 has property "Keep upright" rotation might not look as intended
07-30 14:15:06 com_github_MitjaNemec_PlaceFootprints.place_footprints 506:Text of: D11 has property "Keep upright" rotation might not look as intended
07-30 14:15:06 com_github_MitjaNemec_PlaceFootprints.place_footprints 506:Text of: D11 has property "Keep upright" rotation might not look as intended
07-30 14:15:06 com_github_MitjaNemec_PlaceFootprints.place_footprints 506:Text of: D11 has property "Keep upright" rotation might not look as intended
07-30 14:15:06 com_github_MitjaNemec_PlaceFootprints.place_footprints 506:Text of: D11 has property "Keep upright" rotation might not look as intended
07-30 14:15:06 com_github_MitjaNemec_PlaceFootprints.place_footprints 506:Text of: D11 has property "Keep upright" rotation might not look as intended
07-30 14:15:06 com_github_MitjaNemec_PlaceFootprints.place_footprints 506:Text of: D11 has property "Keep upright" rotation might not look as intended
07-30 14:15:06 com_github_MitjaNemec_PlaceFootprints.place_footprints 506:Text of: D11 has property "Keep upright" rotation might not look as intended
07-30 14:15:06 com_github_MitjaNemec_PlaceFootprints.place_footprints 506:Text of: D11 has property "Keep upright" rotation might not look as intended
07-30 14:15:06 com_github_MitjaNemec_PlaceFootprints.place_footprints 506:Text of: D11 has property "Keep upright" rotation might not look as intended
07-30 14:15:06 com_github_MitjaNemec_PlaceFootprints.place_footprints 506:Text of: D11 has property "Keep upright" rotation might not look as intended
07-30 14:15:06 com_github_MitjaNemec_PlaceFootprints.place_footprints 506:Text of: D11 has property "Keep upright" rotation might not look as intended
07-30 14:15:06 com_github_MitjaNemec_PlaceFootprints.place_footprints 506:Text of: D11 has property "Keep upright" rotation might not look as intended
07-30 14:15:06 com_github_MitjaNemec_PlaceFootprints.place_footprints 506:Text of: D11 has property "Keep upright" rotation might not look as intended
07-30 14:15:06 com_github_MitjaNemec_PlaceFootprints.place_footprints 506:Text of: D11 has property "Keep upright" rotation might not look as intended
07-30 14:15:06 com_github_MitjaNemec_PlaceFootprints.action_place_footprints 944:Placing complete
